// Jest Snapshot v1, https://goo.gl/fbAQLP

exports[`should pin message 1`] = `""`;
