// Jest Snapshot v1, https://goo.gl/fbAQLP

exports[`should edit a message 1`] = `""`;
