// Jest Snapshot v1, https://goo.gl/fbAQLP

exports[`should fail on message edition 1`] = `""`;
