// Jest Snapshot v1, https://goo.gl/fbAQLP

exports[`should fail on message pin 1`] = `
"
 FAIL   e2e\\\\toUnPinMessage\\\\__cordeTest__\\\\bot_case2.test.ts   100ms
   x test -> should fail when unpin a message   100ms
    
    expected: unpin message of id 12312
    received: informed message was not unpinned

    at toUnPin e2e\\\\toUnPinMessage\\\\__cordeTest__\\\\bot_case2.test.ts:9:49
    at lib\\\\src\\\\clausures\\\\test.js:31:13
    at Queue.executeWithCatchCollectAsync (lib\\\\src\\\\data-structures\\\\queue.js:254:15)

Test Files: 1 failed. 1 total
Tests:      1 failed. 1 total
Time:       100ms
"
`;
