// Jest Snapshot v1, https://goo.gl/fbAQLP

exports[`should return the sent message 1`] = `""`;
