// Jest Snapshot v1, https://goo.gl/fbAQLP

exports[`tests should be sucessfull 1`] = `""`;
