// Jest Snapshot v1, https://goo.gl/fbAQLP

exports[`should print on console 1`] = `""`;
