// Jest Snapshot v1, https://goo.gl/fbAQLP

exports[`should delete a role 1`] = `
"
 PASS   e2e\\\\toDeleteRole\\\\__cordeTest__\\\\bot_case1.test.ts   100ms
   âœ”  should delete a role   100ms

Test Files: 1 passed. 1 total
Tests:      1 passed. 1 total
Time:       100ms
"
`;
