// Jest Snapshot v1, https://goo.gl/fbAQLP

exports[`should print on console in async function 1`] = `
"test beforeStart

 PASS   e2e\\\\beforeStart\\\\__cordeTest__\\\\bot_case2.test.ts   100ms
   âœ”  <empty test name>   100ms

Test Files: 1 passed. 1 total
Tests:      1 passed. 1 total
Time:       100ms
"
`;
