// Jest Snapshot v1, https://goo.gl/fbAQLP

exports[`should change role color 1`] = `
"
 FAIL   e2e\\\\toSetRoleHoist\\\\__cordeTest__\\\\bot_case2.test.ts   100ms
   x <empty test name>   100ms
    
    expected: hoist to be true
    received: role hoist was not updated

    at toSetRoleHoist e2e\\\\toSetRoleHoist\\\\__cordeTest__\\\\bot_case2.test.ts:8:46
    at lib\\\\src\\\\clausures\\\\test.js:31:13
    at Queue.executeAsync (lib\\\\src\\\\data-structures\\\\queue.js:99:27)

Test Files: 1 failed. 1 total
Tests:      1 failed. 1 total
Time:       100ms
"
`;
