// Jest Snapshot v1, https://goo.gl/fbAQLP

exports[`should change role color 1`] = `
"
 PASS   e2e\\\\toSetRoleHoist\\\\__cordeTest__\\\\bot_case1.test.ts   100ms
   âœ”  should set role hoist   100ms

Test Files: 1 passed. 1 total
Tests:      1 passed. 1 total
Time:       100ms
"
`;
