// Jest Snapshot v1, https://goo.gl/fbAQLP

exports[`should remove a message Reaction 1`] = `""`;
