// Jest Snapshot v1, https://goo.gl/fbAQLP

exports[`should not a message Reaction 1`] = `
"
 FAIL   e2e\\\\toRemoveReaction\\\\__cordeTest__\\\\bot_case2.test.ts   100ms
   x should fail when trying to remove a reaction from a role   100ms
    
    expected: to remove reactions ðŸ˜„
    received: no reaction was removed to message

    at toRemoveReaction e2e\\\\toRemoveReaction\\\\__cordeTest__\\\\bot_case2.test.ts:6:51
    at lib\\\\src\\\\clausures\\\\test.js:30:15
    at lib\\\\src\\\\utils\\\\executePromiseWithTimeout.js:53:5

Test Files: 1 failed. 1 total
Tests:      1 failed. 1 total
Time:       100ms
"
`;
