// Jest Snapshot v1, https://goo.gl/fbAQLP

exports[`should print report for 1 test file, 1 test clausure and 1 failed function and 1 passed function 1`] = `
"
 FAIL   /tests/file1.test.ts   10ms
   ❌ group -> test case1   3ms

   expected: hi
   received: hi!

Test Files: 1 failed. 1 total
Tests:      1 passed and 1 failed. 2 total
Time:       14ms"
`;
