// Jest Snapshot v1, https://goo.gl/fbAQLP

exports[`should set role permissions 1`] = `""`;
