// Jest Snapshot v1, https://goo.gl/fbAQLP

exports[`should print on console 1`] = `
"test beforeEach

 PASS   e2e\\\\beforeEach\\\\__cordeTest__\\\\bot_case1.test.ts   100ms
   âœ”  <empty test name>   100ms

Test Files: 1 passed. 1 total
Tests:      1 passed. 1 total
Time:       100ms
"
`;
