// Jest Snapshot v1, https://goo.gl/fbAQLP

exports[`tests should be sucessfull 1`] = `
"
 PASS   e2e\\\\toReturn\\\\__cordeTest__\\\\bot_case1.test.ts   367ms
   âœ”  Hello command should return... hello!!   363ms

Test Files: 1 passed. 1 total
Tests:      1 passed. 1 total
Time:       370ms
"
`;
