// Jest Snapshot v1, https://goo.gl/fbAQLP

exports[`tests should not be sucessfull 1`] = `
"
 FAIL   e2e\\\\toReturn\\\\__cordeTest__\\\\bot_case2.test.ts   100ms
   x Hello command should return... hello!!   100ms
    
    expected: '...'
    received: 'Hello!!'

    at toReturn e2e\\\\toReturn\\\\__cordeTest__\\\\bot_case2.test.ts:6:35
    at lib\\\\src\\\\clausures\\\\test.js:30:15
    at lib\\\\src\\\\utils\\\\executePromiseWithTimeout.js:53:5

Test Files: 1 failed. 1 total
Tests:      1 failed. 1 total
Time:       100ms
"
`;
